22:36:42 **** Auto Build of configuration Debug for project FreeRTOSZ ****
make all 
'Building file: ../src/main.c'
'Invoking: ARM gcc compiler'
arm-xilinx-eabi-gcc -Wall -O0 -g3 -c -fmessage-length=0 -I../../FreeRTOSZ_bsp/ps7_cortexa9_0/include -MMD -MP -MF"src/main.d" -MT"src/main.d" -o "src/main.o" "../src/main.c"
'Finished building: ../src/main.c'
' '
'Building target: FreeRTOSZ.elf'
'Invoking: ARM gcc linker'
arm-xilinx-eabi-gcc -Wl,-T -Wl,../src/lscript.ld -L../../FreeRTOSZ_bsp/ps7_cortexa9_0/lib -o "FreeRTOSZ.elf"  ./src/FreeRTOS_asm_vectors.o ./src/FreeRTOS_tick_config.o ./src/croutine.o ./src/event_groups.o ./src/heap_4.o ./src/list.o ./src/main.o ./src/platform.o ./src/port.o ./src/portASM.o ./src/printf-stdarg.o ./src/queue.o ./src/tasks.o ./src/timers.o    -Wl,--start-group,-lxil,-lgcc,-lc,--end-group
'Finished building target: FreeRTOSZ.elf'
' '
'Invoking: ARM Print Size'
arm-xilinx-eabi-size FreeRTOSZ.elf  |tee "FreeRTOSZ.elf.size"
   text	   data	    bss	    dec	    hex	filename
  64124	   1896	 112228	 178248	  2b848	FreeRTOSZ.elf
'Finished building: FreeRTOSZ.elf.size'
' '

22:36:43 Build Finished (took 665ms)

